arm_mat_add_f32.c:217:12:arm_mat_add_f32	48	static
arm_mat_add_q15.c:131:12:arm_mat_add_q15	64	static,ignoring_inline_asm
arm_mat_add_q31.c:130:12:arm_mat_add_q31	64	static,ignoring_inline_asm
arm_mat_cmplx_mult_f32.c:1183:12:arm_mat_cmplx_mult_f32	96	static
arm_mat_cmplx_mult_q15.c:315:12:arm_mat_cmplx_mult_q15	272	static,ignoring_inline_asm
arm_mat_cmplx_mult_q31.c:839:12:arm_mat_cmplx_mult_q31	128	static
arm_mat_init_f32.c:58:6:arm_mat_init_f32	24	static
arm_mat_init_q15.c:49:6:arm_mat_init_q15	24	static
arm_mat_init_q31.c:54:6:arm_mat_init_q31	24	static
arm_mat_inverse_f32.c:985:12:arm_mat_inverse_f32	112	static
arm_mat_inverse_f64.c:51:12:arm_mat_inverse_f64	128	static
arm_mat_mult_f32.c:846:12:arm_mat_mult_f32	80	static
arm_mat_mult_fast_q15.c:67:12:arm_mat_mult_fast_q15	360	static,ignoring_inline_asm
arm_mat_mult_fast_q31.c:66:12:arm_mat_mult_fast_q31	200	static,ignoring_inline_asm
arm_mat_mult_q15.c:594:12:arm_mat_mult_q15	208	static,ignoring_inline_asm
arm_mat_mult_q31.c:628:12:arm_mat_mult_q31	88	static
arm_mat_scale_f32.c:207:12:arm_mat_scale_f32	48	static
arm_mat_scale_q15.c:133:12:arm_mat_scale_q15	56	static,ignoring_inline_asm
arm_mat_scale_q31.c:132:12:arm_mat_scale_q31	64	static
arm_mat_sub_f32.c:214:12:arm_mat_sub_f32	48	static
arm_mat_sub_q15.c:128:12:arm_mat_sub_q15	64	static,ignoring_inline_asm
arm_mat_sub_q31.c:132:12:arm_mat_sub_q31	64	static,ignoring_inline_asm
arm_mat_trans_f32.c:226:12:arm_mat_trans_f32	48	static
arm_mat_trans_q15.c:214:12:arm_mat_trans_q15	48	static
arm_mat_trans_q31.c:93:12:arm_mat_trans_q31	48	static
