main.c:97:5:main	88	static
main.c:235:6:SystemClock_Config	304	static
main.c:315:13:MX_ADC1_Init	48	static
main.c:380:13:MX_DAC1_Init	48	static
main.c:421:13:MX_TIM2_Init	40	static
main.c:469:13:MX_TIM5_Init	40	static
main.c:517:13:MX_TIM6_Init	24	static
main.c:555:13:MX_TIM7_Init	24	static
main.c:593:13:MX_USART3_UART_Init	8	static
main.c:641:13:MX_USB_OTG_HS_USB_Init	4	static
main.c:660:13:MX_DMA_Init	16	static
main.c:682:13:MX_GPIO_Init	64	static
main.c:770:6:HAL_TIM_PeriodElapsedCallback	16	static
main.c:790:6:HAL_DAC_ConvCpltCallbackCh1	16	static
main.c:799:6:Error_Handler	4	static
