main.c:96:5:main	88	static
main.c:236:6:SystemClock_Config	304	static
main.c:316:13:MX_ADC1_Init	48	static
main.c:381:13:MX_DAC1_Init	48	static
main.c:422:13:MX_TIM2_Init	40	static
main.c:470:13:MX_TIM5_Init	40	static
main.c:518:13:MX_TIM6_Init	24	static
main.c:556:13:MX_TIM7_Init	24	static
main.c:594:13:MX_USART3_UART_Init	8	static
main.c:642:13:MX_USB_OTG_HS_USB_Init	4	static
main.c:661:13:MX_DMA_Init	16	static
main.c:683:13:MX_GPIO_Init	64	static
main.c:771:6:HAL_TIM_PeriodElapsedCallback	16	static
main.c:796:6:Error_Handler	4	static
