arm_entropy_f32.c:145:11:arm_entropy_f32	32	static
arm_entropy_f64.c:45:11:arm_entropy_f64	48	static
arm_kullback_leibler_f32.c:162:11:arm_kullback_leibler_f32	48	static
arm_kullback_leibler_f64.c:46:11:arm_kullback_leibler_f64	72	static
arm_logsumexp_dot_prod_f32.c:52:11:arm_logsumexp_dot_prod_f32	32	static
arm_logsumexp_f32.c:230:11:arm_logsumexp_f32	40	static
arm_max_f32.c:263:6:arm_max_f32	40	static
arm_max_q15.c:131:6:arm_max_q15	40	static
arm_max_q31.c:134:6:arm_max_q31	40	static
arm_max_q7.c:188:6:arm_max_q7	40	static
arm_max_no_idx_f32.c:109:6:arm_max_no_idx_f32	32	static
arm_mean_f32.c:154:6:arm_mean_f32	32	static
arm_mean_q15.c:97:6:arm_mean_q15	32	static
arm_mean_q31.c:94:6:arm_mean_q31	48	static
arm_mean_q7.c:96:6:arm_mean_q7	32	static
arm_min_f32.c:261:6:arm_min_f32	40	static
arm_min_q15.c:134:6:arm_min_q15	40	static
arm_min_q31.c:133:6:arm_min_q31	40	static
arm_min_q7.c:184:6:arm_min_q7	40	static
arm_power_f32.c:160:6:arm_power_f32	40	static
arm_power_q15.c:101:6:arm_power_q15	56	static
arm_power_q31.c:101:6:arm_power_q31	56	static
arm_power_q7.c:100:6:arm_power_q7	40	static
arm_rms_f32.c:127:6:arm_rms_f32	48	static
arm_rms_q15.c:72:6:arm_rms_q15	64	static,ignoring_inline_asm
arm_rms_q31.c:76:6:arm_rms_q31	72	static
arm_std_f32.c:71:6:arm_std_f32	40	static
arm_std_q15.c:69:6:arm_std_q15	80	static,ignoring_inline_asm
arm_std_q31.c:72:6:arm_std_q31	88	static
arm_var_f32.c:182:6:arm_var_f32	48	static
arm_var_q15.c:123:6:arm_var_q15	88	static,ignoring_inline_asm
arm_var_q31.c:128:6:arm_var_q31	88	static
